"""
Test cases for the matrix_mul function.
"""

>>> matrix_mul([[1, 2, 3], [4, 5, 6]], [[7, 8], [9, 10], [11, 12]])
[[58, 64], [139, 154]]

>>> matrix_mul([[1, 2], [3, 4]], [[5, 6, 7], [8, 9, 10]])
ValueError: m_a and m_b can't be multiplied

>>> matrix_mul([[1, 2, 3], [4, 5, 6]], [[7, 8, 9], [10, 11, 12]])
[[27, 30, 33], [64, 71, 78]]

>>> matrix_mul([[1, 2, 3], [4, 5, 6]], [[7], [8], [9]])
[[50], [122]]

>>> matrix_mul([[1, 2], [3, 4]], [[5], [6]])
ValueError: each row of m_a must be of the same size

>>> matrix_mul([[1, 2, 3]], [[4, 5, 6], [7, 8, 9]])
[[32, 41, 50]]

>>> matrix_mul([[1, 2], [3, 4]], [[5, 6], [7, 8]])
[[19, 22], [43, 50]]

>>> matrix_mul([[1, 2, 3]], [[4], [5], [6]])
ValueError: each row of m_b must be of the same size

>>> matrix_mul([[1, 2, 3]], 5)
TypeError: m_b must be a list

>>> matrix_mul([[1, 2, 3]], [[4, 5, '6']])
TypeError: m_b should contain only integers or floats
"""
