=====================================
Tests for ``2-matrix_divided`` module
=====================================

Test case 1: import function from module
::
>>> matrix_divided = __import__('2-matrix_divided').matrix_divided

Test Case 2: Dividing a matrix by a non-zero number
>>> matrix_divided([[1, 2, 3], [4, 5, 6], [7, 8, 9]], 2)
[[0.5, 1.0, 1.5], [2.0, 2.5, 3.0], [3.5, 4.0, 4.5]]

Test Case 3: Dividing a matrix by zero
>>> matrix_divided([[1, 2, 3], [4, 5, 6]], 0)
Traceback (most recent call last):
    ...
ZeroDivisionError: division by zero

Test Case 4: Dividing a matrix with invalid elements
>>> matrix_divided([[1, 2, 3], [4, 5, '6'], [7, 8, 9]], 2)
Traceback (most recent call last):
    ...
TypeError: matrix must be a matrix (list of lists) of integers/floats

Test Case 5: Dividing a matrix with rows of different sizes
>>> matrix_divided([[1, 2, 3], [4, 5], [7, 8, 9]], 2)
Traceback (most recent call last):
    ...
TypeError: Each row of the matrix must have the same size
